User could not login with missing field: P
Existing user logged in: P
home page: P
login page: P
register page: P
basket page: P
calendar page: P
memberships page: P
myBookings page: P
settings page: P
manageUsers page: P
addActivity page: P
addEvent page: P
analysis page: P
registering new user: P
registering new user number 2: P
User not registered: P
User not registered 2: P
User could not login with missing field: P
Existing user logged in: P
meet the team page: P
home page: P
login page: P
register page: P
basket page: P
calendar page: P
memberships page: P
myBookings page: P
settings page: P
manageUsers page: P
addActivity page: P
addEvent page: P
analysis page: P
registering new user: P
registering new user number 2: P
User not registered: P
User not registered 2: P
terms and conditions page: P
Customer couldnt access edit event page: P
Customer couldnt access manage Users page: P
Customer couldnt access edit user page: P
User could not login with missing field: P
Existing user logged in: P
meet the team page: P
home page: P
login page: P
register page: P
basket page: P
calendar page: P
memberships page: P
myBookings page: P
settings page: P
manageUsers page: P
addActivity page: P
addEvent page: P
analysis page: P
registering new user: P
registering new user number 2: P
User not registered: P
User not registered 2: P
terms and conditions page: P
Customer couldnt access edit event page: P
Customer couldnt access manage Users page: P
Customer couldnt access edit user page: P
Customer couldnt access analysis page: P
Customer couldnt access edit Activity page: P
User could not login with missing field: P
Existing user logged in: P
meet the team page: P
home page: P
login page: P
register page: P
basket page: P
calendar page: P
memberships page: P
myBookings page: P
settings page: P
manageUsers page: P
addActivity page: P
addEvent page: P
analysis page: P
registering new user: P
registering new user number 2: P
User not registered: P
User not registered 2: P
Unable to register the same user twice: P
terms and conditions page: P
Customer couldnt access edit event page: P
Customer couldnt access manage Users page: P
Customer couldnt access edit user page: P
Customer couldnt access analysis page: P
Customer couldnt access edit Activity page: P
